<html>
<body>
<pre>
<h1>µVision Build Log</h1>
<h2>Project:</h2>
C:\Keil\EE445L\Lab5EE445L\MAX5353.uvproj
Project File Date:  10/04/2017

<h2>Output:</h2>
Rebuild target 'MAX5353'
assembling startup.s...
compiling MAX5353.c...
compiling MAX5353TestMain.c...
compiling SysTick.c...
compiling Timer0A.c...
linking...
Program Size: Code=1716 RO-data=960 RW-data=8 ZI-data=1120  
".\MAX5353.axf" - 0 Error(s), 0 Warning(s).
*DAC_Out), StarWars.notes[i].notePitch);
MAX5353TestMain.c: 1 warning, 0 errors
compiling SysTick.c...
compiling Timer0A.c...
linking...
Program Size: Code=1668 RO-data=960 RW-data=4 ZI-data=1124  
".\MAX5353.axf" - 0 Error(s), 1 Warning(s).
 Code=1668 RO-data=960 RW-data=4 ZI-data=1124  
".\MAX5353.axf" - 0 Error(s), 2 Warning(s).
8): warning:  #1-D: last line of file ends without a newline
  void DAC_OutRaw(uint16_t code);
Timer0A.c: 1 warning, 0 errors
linking...
Program Size: Code=1668 RO-data=960 RW-data=4 ZI-data=1124  
".\MAX5353.axf" - 0 Error(s), 4 Warning(s).
.c...
MAX5353.h(96): warning:  #1-D: last line of file ends without a newline
  void DAC_OutRaw(uint16_t code);
Timer0A.c: 1 warning, 0 errors
".\MAX5353.axf" - 3 Error(s), 3 Warning(s).
Target not created
formation to list image symbols.
Not enough information to list the image map.
Finished: 2 information, 0 warning and 3 error messages.
".\MAX5353.axf" - 3 Error(s), 4 Warning(s).
Target not created
