<html>
<body>
<pre>
<h1>µVision Build Log</h1>
<h2>Project:</h2>
C:\Users\Cooper\Documents\GitHub\Lab5EE445L\MAX5353.uvproj
Project File Date:  10/09/2017

<h2>Output:</h2>
Rebuild target 'MAX5353'
assembling startup.s...
compiling MAX5353.c...
compiling MAX5353TestMain.c...
compiling SysTick.c...
compiling Timer0A.c...
compiling Switch.c...
compiling PLL.c...
compiling Music.c...
linking...
Program Size: Code=3136 RO-data=416 RW-data=836 ZI-data=1124  
".\MAX5353.axf" - 0 Error(s), 0 Warning(s).
has been cancelled. Debugger aborted !
Error: Target DLL has been cancelled. Debugger aborted !
d=1000000Hz
Connection failed!, error code=&d
Error: Flash Download failed  -  Target DLL has been cancelled
Load "C:\\Users\\Cooper\\Documents\\GitHub\\Lab5EE445L\\MAX5353.axf" 
Connecting: Mode=JTAG, Speed=1000000Hz
Erase Done.
Programming Done.
Verify OK.
#169: expected a declaration
        }
MAX5353TestMain.c(179): warning: At end of source:  #12-D: parsing restarts here after previous syntax error
MAX5353TestMain.c: 3 warnings, 4 errors
compiling Switch.c...
".\MAX5353.axf" - 4 Error(s), 3 Warning(s).
Target not created
g PLL.c...
compiling Music.c...
linking...
Program Size: Code=2752 RO-data=960 RW-data=28 ZI-data=1124  
".\MAX5353.axf" - 0 Error(s), 7 Warning(s).
d rewindSong();
Switch.c(56): warning:  #223-D: function "Change_Mode" declared implicitly
                Change_Mode();
Switch.c: 4 warnings, 0 errors
compiling PLL.c...
compiling Music.c...
Timer0A.h(22): warning:  #1-D: last line of file ends without a newline
  void Change_Mode(void);
Music.c: 1 warning, 0 errors
linking...
Program Size: Code=2752 RO-data=960 RW-data=28 ZI-data=1124  
".\MAX5353.axf" - 0 Error(s), 11 Warning(s).
ror(s), 13 Warning(s).
ogram Size: Code=2708 RO-data=960 RW-data=28 ZI-data=1124  
".\MAX5353.axf" - 0 Error(s), 13 Warning(s).
