<html>
<body>
<pre>
<h1>µVision Build Log</h1>
<h2>Project:</h2>
C:\Users\Cooper\Documents\GitHub\Lab5EE445L\MAX5353.uvproj
Project File Date:  10/09/2017

<h2>Output:</h2>
Build target 'MAX5353'
compiling MAX5353TestMain.c...
compiling Switch.c...
compiling Music.c...
linking...
Program Size: Code=3156 RO-data=480 RW-data=836 ZI-data=1124  
".\MAX5353.axf" - 0 Error(s), 0 Warning(s).
</pre>
</body>
</html>
5EE445L\\MAX5353.axf" 
Connecting: Mode=JTAG, Speed=1000000Hz
Erase Done.
Programming Done.
Verify OK.
\\Cooper\\Documents\\GitHub\\Lab5EE445L\\MAX5353.axf" 
Connecting: Mode=JTAG, Speed=1000000Hz
Erase Done.
Programming Done.
Verify OK.
\\Users\\Cooper\\Documents\\GitHub\\Lab5EE445L\\MAX5353.axf" 
Connecting: Mode=JTAG, Speed=1000000Hz
Erase Done.
Programming Done.
Verify OK.
f" - 1 Error(s), 1 Warning(s).
Target not created
